

===== Log session started at 1772439837 (slot 0) =====
Debug log initialized successfully
I (1987) debug_log: Debug logging started: /sdcard/logs/debug_log0.log (0.0 MB used)
I (1989) debug_log: vprintf redirection: original=0x4814d15e
I (1991) main: [BOOT] Debug log: /sdcard/logs/debug_log0.log
I (1997) main: [BOOT] Reset reason (SD): PANIC (4)
E (2001) main: ===== ABNORMAL RESET: reason=PANIC ===== (see previous log slot)
I (2008) main: [BOOT] RTC crash magic: 0xdeadbeef (VALID — crash context follows)
E (2020) main: ===== PREVIOUS CRASH (RTC memory) =====
E (2022) main:   Stage : health_loop
E (2024) main:   Reason: Illegal instruction
E (2028) main:   PC=0x4ff00d9a  RA=0x4ff0b56a  SP=0x4ff47df0
E (2033) main: ========================================
I (2046) main: [BOOT] SD: ✓ /sdcard/splash.png (426223 bytes)
I (2048) main: [BOOT] Wi-Fi: connecting to 'LadyB'
I (2051) transport: Attempt connection with slave: retry[0]
I (2053) transport: Reset slave using GPIO[54]
I (2058) os_wrapper_esp: GPIO [54] configured
I (3766) H_SDIO_DRV: Starting SDIO process rx task
I (3766) sdio_wrapper: GPIOs: CLK[18] CMD[19] D0[14] D1[15] D2[16] D3[17] Slave_Reset[54]
I (3778) sdio_wrapper: Queues: Tx[20] Rx[20] SDIO-Rx-Mode[1]
I (3855) sdio_wrapper: Function 0 Blocksize: 512
I (3863) sdio_wrapper: Function 1 Blocksize: 512
I (3865) H_SDIO_DRV: SDIO Host operating in STREAMING MODE
I (3870) H_SDIO_DRV: generate slave intr
I (3881) transport: Received INIT event from ESP32 peripheral
I (3886) transport: EVENT: 12
I (3888) transport: EVENT: 11
I (3894) transport: capabilities: 0xd
I (3896) transport: Features supported are:
I (3898) transport: 	 * WLAN
I (3900) transport: 	   - HCI over SDIO
I (3902) transport: 	   - BLE only
I (3904) transport: EVENT: 13
I (3906) transport: ESP board type is : 13 

I (3908) transport: Base transport is set-up

I (3912) transport: Slave chip Id[12]
I (3916) hci_stub_drv: Host BT Support: Disabled
I (3920) H_SDIO_DRV: Received INIT event
I (3972) rpc_wrap: --- ESP Event: Slave ESP Init ---
I (4882) network: Wi-Fi infrastructure initialized (no connection)
I (4926) H_API: esp_wifi_remote_connect
W (4968) rpc_rsp: Hosted RPC_Resp [0x21a], uid [8], resp code [12290]
I (5057) network: Wi-Fi init complete, connecting to 'LadyB'
I (5062) main: [BOOT] network_init: OK
I (5065) main: [BOOT] OTA init...
I (5067) ota: Running partition: ota_1 (type=0 subtype=17 offset=0xa20000 size=0x500000)
I (5069) ota: Current firmware version: 1.0.2
I (5073) ota: Compiled: Mar  2 2026 03:05:21
I (5076) ota: OTA image marked as valid
I (5086) ota: OTA image already marked as valid
I (5088) main: [BOOT] OTA valid: slot=ota_1, version=1.0.2
I (5093) main: [BOOT] Waiting for SNTP time sync...
I (8113) esp_wifi_remote: esp_wifi_internal_reg_rxcb: sta: 0x4811af00
I (9130) esp_netif_handlers: sta ip: 192.168.1.15, mask: 255.255.255.0, gw: 192.168.1.1
I (9134) network: Got IP, starting SNTP
I (9136) network: NTP server 0: pool.ntp.org
I (9138) network: NTP server 1: time.google.com
I (9140) network: NTP server 2: time.cloudflare.com
I (9149) network: NTP server 3: time.nist.gov
I (10153) network: Saved time to NVS: 1772439845
I (10158) network: SNTP synchronised successfully
I (10159) main: [BOOT] SNTP sync complete
I (10161) main: [BOOT] TZ: EST5EDT,M3.2.0/2,M11.1.0/2
I (10163) main: [BOOT] Local time: 2026-03-02 03:24:05
I (10166) http_api: Starting HTTP API server on port 80
I (10172) http_api: HTTP API server started successfully
I (10176) main: [BOOT] HTTP API started on port 80
I (10181) main: [BOOT] Pre-launch heap: free=31658740 min=31657896
I (10191) main: [BOOT] Pre-launch tasks:
main           	X	1	4372	10	0
IDLE0          	R	0	1132	11	0
IDLE1          	R	0	1124	12	1
tiT            	B	18	2608	14	-1
Tmr Svc        	B	1	1612	13	-1
esp_timer      	S	22	3676	9	0
rpc_tx         	B	23	4216	8	-1
ipc1           	S	24	600	2	1
rpc_rx         	B	23	2948	7	-1
sdio_write     	B	23	4236	6	-1
sdio_read      	B	23	2468	4	0
sdio_rx_buf    	B	23	4548	3	-1
sdio_process_rx	B	23	3016	5	-1
httpd          	B	5	7316	16	-1
sys_evt        	B	20	796	15	0
ipc0           	S	24	592	1	0

I (10242) main: [BOOT] Awaiting launch (60 s or POST /debug/launch) — display dark
I (15102) debug_log: Log write handle reopened: /sdcard/logs/debug_log0.log
I (15110) http_api: Download/list: /files/logs/debug_log1.log -> /sdcard/logs/debug_log1.log
I (15124) http_api: File downloaded: /sdcard/logs/debug_log1.log
I (15134) http_api: Download/list: /files/logs/debug_log2.log -> /sdcard/logs/debug_log2.log
I (15175) http_api: File downloaded: /sdcard/logs/debug_log2.log
I (70181) main: [BOOT] Launch signaled — heap free=31656052
I (70196) main: Partition size: total: 474641, used: 429963
I (70201) main: [BOOT] SPIFFS: mounted
I (70203) main: [BOOT] SPIFFS:   splash.png
I (70215) main: [BOOT] SPIFFS: ✓ splash.png (426223 bytes)
I (70220) main: [BOOT] display_init: heap free=31654652
I (70222) main: [BOOT] bsp_display_start_with_config...
I (70224) lv_mem_esp: LVGL memory using ESP-IDF heap_caps with SPIRAM preference
I (70229) lv_mem_esp: All allocations aligned to 64 bytes for PPA compatibility
I (70240) LVGL: Starting LVGL task
W (70241) ledc: GPIO 26 is not usable, maybe conflict with others
I (70245) ESP32_P4_EV: MIPI DSI PHY Powered on
I (70250) ESP32_P4_EV: Install MIPI DSI LCD control panel
I (70254) ESP32_P4_EV: Install EK79007 LCD control panel
I (70259) ek79007: version: 1.0.2
I (70434) ESP32_P4_EV: Display initialized
I (70438) ESP32_P4_EV: Display resolution 1024x600
E (70443) lcd_panel: esp_lcd_panel_swap_xy(50): swap_xy is not supported by this panel
W (70450) i2c.master: Please check pull-up resistances whether be connected properly. Otherwise unexpected behavior would happen. For more detailed information, please read docs
I (70458) GT911: I2C address initialization procedure skipped - using default GT9xx setup
I (70467) GT911: TouchPad_ID:0x39,0x31,0x31
I (70469) GT911: TouchPad_Config_Version:89
I (70473) main: [BOOT] bsp_display_start done, heap free=29154936
I (70479) main: [BOOT] LVGL log callback registered
I (70484) main: [BOOT] Display watchdog started (timeout 15000 ms)
I (70494) ESP32_P4_EV: Setting LCD backlight: 100%
I (70496) ESP32_P4_EV: Setting LCD backlight: 50%
I (70498) main: [BOOT] Brightness: 50%
I (70502) main: [BOOT] ✓ PPA hardware acceleration: ENABLED
I (70507) main: [BOOT] ✓ PPA image operations: ENABLED
I (70512) main: [BOOT] ✓ PPA in BSP display driver: ENABLED
I (70518) main: [BOOT] Buffer alignment: 64 bytes
I (70522) main: [BOOT] Stride alignment: 64 bytes
I (70527) main: [BOOT] Registering LVGL FS drivers
I (70535) main: [BOOT] A: drive registered (/sdcard)
I (70537) main: [BOOT] B: drive registered (/spiffs)
I (70541) main: [B: DRIVER] Open request: path='/splash.png', mode=2
I (70547) main: [B: DRIVER] Full path: /spiffs/splash.png
I (70552) main: [B: DRIVER] Successfully opened fd=6
I (70561) main: [BOOT] ✓ B:/splash.png opened via LVGL
I (70568) main: [BOOT] ✓ A:/splash.png opened via LVGL
I (70570) main: [BOOT] Touch: enabled
I (70572) main: [BOOT] Display ready
I (70574) main: [BOOT] Clock context set: 2026-03-02 03:25:05, bg='A:/spring-flower.png'
I (70585) main: [BOOT] ui_show_splash...
I (70587) ui: ui_show_splash: start
I (70590) main: [B: DRIVER] Open request: path='/splash.png', mode=2
I (70594) main: [B: DRIVER] Full path: /spiffs/splash.png
I (70599) main: [B: DRIVER] Successfully opened fd=6
I (70604) ui: ui_splash_load_image: loaded, src=0x4816cb00
I (70609) ui: ui_show_splash: complete
I (70613) main: [B: DRIVER] Open request: path='/splash.png', mode=2
I (70625) main: [B: DRIVER] Full path: /spiffs/splash.png
I (70635) main: [B: DRIVER] Successfully opened fd=6
I (70641) main: [B: DRIVER] Open request: path='/splash.png', mode=2
I (70646) main: [B: DRIVER] Full path: /spiffs/splash.png
I (70652) main: [B: DRIVER] Successfully opened fd=6
I (70656) main: [B: DRIVER] Open request: path='/splash.png', mode=2
I (70662) main: [B: DRIVER] Full path: /spiffs/splash.png
I (70668) main: [B: DRIVER] Successfully opened fd=6
I (70677) main: [B: DRIVER] Open request: path='/splash.png', mode=2
I (70679) main: [B: DRIVER] Full path: /spiffs/splash.png
I (70688) main: [B: DRIVER] Successfully opened fd=6
I (71280) ui: ui_clock_init: start
I (71285) screen_mgr: Screen manager initialized
I (71294) ui: ui_color_from_settings: 0x000000
I (71299) ui: ui_bg_try_load: loading A:/spring-flower.png (gif=0)
I (71333) ui: ui_bg_verify: background loaded from A:/spring-flower.png
I (71335) ui: clock_update_cb: 2026-03-02 03:25:06
I (72342) screen_mgr: Pushed screen 0 to stack (depth: 1)
I (72363) screen_mgr: Clock screen set
I (72453) ui: ui_clock_post_init: complete, heap=26691412
I (72456) ui: ui_clock_init: complete
I (72458) main: [BOOT] ui_launch_clock done — entering health loop
I (131300) ui: clock_update_cb: 2026-03-02 03:26:06
I (132460) main: [HEALTH] Loop 1: free=26690784, min=21021076, delta=-628
I (191300) ui: clock_update_cb: 2026-03-02 03:27:06
I (192465) main: [HEALTH] Loop 2: free=26690784, min=21021076, delta=0
I (251300) ui: clock_update_cb: 2026-03-02 03:28:06
I (252470) main: [HEALTH] Loop 3: free=26690784, min=21021076, delta=0
I (311308) ui: clock_update_cb: 2026-03-02 03:29:06
I (312479) main: [HEALTH] Loop 4: free=26690784, min=21021076, delta=0
I (371307) ui: clock_update_cb: 2026-03-02 03:30:06
I (372484) main: [HEALTH] Loop 5: free=26690784, min=21021076, delta=0
I (374335) http_api: OTA push: receiving 2268880 bytes
I (379144) ota: OTA push begin: partition=ota_0 size=2268880
I (384930) ota: Validating OTA image (2268880 bytes written)
I (384935) esp_image: segment 0: paddr=00520020 vaddr=48170020 size=a5e20h (679456) map
I (384988) esp_image: segment 1: paddr=005c5e48 vaddr=30100000 size=00068h (   104) 
I (384994) esp_image: segment 2: paddr=005c5eb8 vaddr=4ff00000 size=0a160h ( 41312) 
I (384999) esp_image: segment 3: paddr=005d0020 vaddr=48000020 size=168f60h (1478496) map
I (385106) esp_image: segment 4: paddr=00738f88 vaddr=4ff0a160 size=0d5f4h ( 54772) 
I (385115) esp_image: segment 5: paddr=00746584 vaddr=4ff17780 size=038fch ( 14588) 
I (385118) esp_image: segment 6: paddr=00749e88 vaddr=50108080 size=00020h (    32) 
I (385125) esp_image: segment 0: paddr=00520020 vaddr=48170020 size=a5e20h (679456) map
I (385176) esp_image: segment 1: paddr=005c5e48 vaddr=30100000 size=00068h (   104) 
I (385182) esp_image: segment 2: paddr=005c5eb8 vaddr=4ff00000 size=0a160h ( 41312) 
I (385187) esp_image: segment 3: paddr=005d0020 vaddr=48000020 size=168f60h (1478496) map
I (385293) esp_image: segment 4: paddr=00738f88 vaddr=4ff0a160 size=0d5f4h ( 54772) 
I (385302) esp_image: segment 5: paddr=00746584 vaddr=4ff17780 size=038fch ( 14588) 
I (385309) esp_image: segment 6: paddr=00749e88 vaddr=50108080 size=00020h (    32) 
I (385342) ota: OTA image validated — call ota_push_commit() to reboot
I (385347) ota: OTA complete — rebooting in 1 s...
