

===== Log session started at 1772439719 (slot 0) =====
Debug log initialized successfully
I (1985) debug_log: Debug logging started: /sdcard/logs/debug_log0.log (0.0 MB used)
I (1988) debug_log: vprintf redirection: original=0x4814d15e
I (1990) main: [BOOT] Debug log: /sdcard/logs/debug_log0.log
I (1995) main: [BOOT] Reset reason (SD): SW_RESET (3)
I (2000) main: [BOOT] RTC crash magic: 0x00000000 (clean)
I (2013) main: [BOOT] SD: ✓ /sdcard/splash.png (426223 bytes)
I (2015) main: [BOOT] Wi-Fi: connecting to 'LadyB'
I (2022) transport: Attempt connection with slave: retry[0]
I (2025) transport: Reset slave using GPIO[54]
I (2027) os_wrapper_esp: GPIO [54] configured
I (3666) sdio_wrapper: SDIO master: Slot 1, Data-Lines: 4-bit Freq(KHz)[40000 KHz]
I (3670) sdio_wrapper: GPIOs: CLK[18] CMD[19] D0[14] D1[15] D2[16] D3[17] Slave_Reset[54]
I (3676) sdio_wrapper: Queues: Tx[20] Rx[20] SDIO-Rx-Mode[1]
I (3754) sdio_wrapper: Function 0 Blocksize: 512
I (3762) sdio_wrapper: Function 1 Blocksize: 512
I (3764) H_SDIO_DRV: SDIO Host operating in STREAMING MODE
I (3773) H_SDIO_DRV: generate slave intr
I (3783) transport: Received INIT event from ESP32 peripheral
I (3788) transport: EVENT: 12
I (3790) transport: EVENT: 11
I (3792) transport: capabilities: 0xd
I (3794) transport: Features supported are:
I (3796) transport: 	 * WLAN
I (3798) transport: 	   - HCI over SDIO
I (3800) transport: 	   - BLE only
I (3802) transport: EVENT: 13
I (3804) transport: ESP board type is : 13 

I (3808) transport: Base transport is set-up

I (3817) transport: Slave chip Id[12]
I (3819) hci_stub_drv: Host BT Support: Disabled
I (3821) H_SDIO_DRV: Received INIT event
I (3835) rpc_wrap: --- ESP Event: Slave ESP Init ---
I (4845) network: Wi-Fi infrastructure initialized (no connection)
I (4890) H_API: esp_wifi_remote_connect
W (4930) rpc_rsp: Hosted RPC_Resp [0x21a], uid [8], resp code [12290]
I (5020) network: Wi-Fi init complete, connecting to 'LadyB'
I (5025) main: [BOOT] network_init: OK
I (5028) main: [BOOT] OTA init...
I (5030) ota: Running partition: ota_1 (type=0 subtype=17 offset=0xa20000 size=0x500000)
I (5036) ota: Current firmware version: 1.0.2
I (5038) ota: Compiled: Mar  2 2026 03:05:21
I (5041) H_API: esp_wifi_remote_connect
I (5076) ota: OTA image marked as valid, rollback cancelled
I (5080) main: [BOOT] OTA valid: slot=ota_1, version=1.0.2
I (5082) main: [BOOT] Waiting for SNTP time sync...
I (8076) esp_wifi_remote: esp_wifi_internal_reg_rxcb: sta: 0x4811af00
I (9092) esp_netif_handlers: sta ip: 192.168.1.15, mask: 255.255.255.0, gw: 192.168.1.1
I (9101) network: Got IP, starting SNTP
I (9103) network: NTP server 0: pool.ntp.org
I (9105) network: NTP server 1: time.google.com
I (9107) network: NTP server 2: time.cloudflare.com
I (9109) network: NTP server 3: time.nist.gov
I (9112) network: SNTP attempt 1/10 (delay 1000 ms)
I (10117) network: Saved time to NVS: 1772439728
I (10122) network: SNTP synchronised successfully
I (10124) main: [BOOT] SNTP sync complete
I (10126) main: [BOOT] TZ: EST5EDT,M3.2.0/2,M11.1.0/2
I (10128) main: [BOOT] Local time: 2026-03-02 03:22:08
I (10134) http_api: Starting HTTP API server on port 80
I (10138) http_api: HTTP API server started successfully
I (10141) main: [BOOT] HTTP API started on port 80
I (10146) main: [BOOT] Pre-launch heap: free=31658740 min=31657896
I (10151) main: [BOOT] Pre-launch tasks:
main           	X	1	4372	10	0
IDLE0          	R	0	1132	11	0
IDLE1          	R	0	1124	12	1
tiT            	B	18	2608	14	-1
Tmr Svc        	B	1	1612	13	-1
esp_timer      	S	22	3676	9	0
ipc1           	S	24	600	2	1
rpc_tx         	B	23	4216	8	-1
rpc_rx         	B	23	2948	7	-1
sdio_read      	B	23	2468	4	0
sdio_rx_buf    	B	23	4596	3	-1
sdio_process_rx	B	23	3016	5	-1
sdio_write     	B	23	4236	6	-1
httpd          	B	5	7316	16	-1
sys_evt        	B	20	796	15	0
ipc0           	S	24	592	1	0

I (10206) main: [BOOT] Awaiting launch (60 s or POST /debug/launch) — display dark
I (70145) main: [BOOT] Launch signaled — heap free=31657696
I (70160) main: Partition size: total: 474641, used: 429963
I (70169) main: [BOOT] SPIFFS: mounted
I (70171) main: [BOOT] SPIFFS:   splash.png
I (70183) main: [BOOT] SPIFFS: ✓ splash.png (426223 bytes)
I (70188) main: [BOOT] display_init: heap free=31656296
I (70190) main: [BOOT] bsp_display_start_with_config...
I (70192) lv_mem_esp: LVGL memory using ESP-IDF heap_caps with SPIRAM preference
I (70196) lv_mem_esp: All allocations aligned to 64 bytes for PPA compatibility
I (70204) LVGL: Starting LVGL task
W (70207) ledc: GPIO 26 is not usable, maybe conflict with others
I (70217) ESP32_P4_EV: MIPI DSI PHY Powered on
I (70220) ESP32_P4_EV: Install MIPI DSI LCD control panel
I (70222) ESP32_P4_EV: Install EK79007 LCD control panel
I (70227) ek79007: version: 1.0.2
I (70402) ESP32_P4_EV: Display initialized
I (70406) ESP32_P4_EV: Display resolution 1024x600
E (70411) lcd_panel: esp_lcd_panel_swap_xy(50): swap_xy is not supported by this panel
W (70413) i2c.master: Please check pull-up resistances whether be connected properly. Otherwise unexpected behavior would happen. For more detailed information, please read docs
I (70432) GT911: I2C address initialization procedure skipped - using default GT9xx setup
I (70436) GT911: TouchPad_ID:0x39,0x31,0x31
I (70438) GT911: TouchPad_Config_Version:89
I (70441) main: [BOOT] bsp_display_start done, heap free=29156616
I (70447) main: [BOOT] LVGL log callback registered
I (70451) main: [BOOT] Display watchdog started (timeout 15000 ms)
I (70457) ESP32_P4_EV: Setting LCD backlight: 100%
I (70462) ESP32_P4_EV: Setting LCD backlight: 50%
I (70470) main: [BOOT] Brightness: 50%
I (70472) main: [BOOT] ✓ PPA hardware acceleration: ENABLED
I (70475) main: [BOOT] ✓ PPA image operations: ENABLED
I (70480) main: [BOOT] ✓ PPA in BSP display driver: ENABLED
I (70485) main: [BOOT] Buffer alignment: 64 bytes
I (70490) main: [BOOT] Stride alignment: 64 bytes
I (70494) main: [BOOT] Registering LVGL FS drivers
I (70499) main: [BOOT] A: drive registered (/sdcard)
I (70504) main: [BOOT] B: drive registered (/spiffs)
I (70508) main: [B: DRIVER] Open request: path='/splash.png', mode=2
I (70518) main: [B: DRIVER] Full path: /spiffs/splash.png
I (70521) main: [B: DRIVER] Successfully opened fd=6
I (70524) main: [BOOT] ✓ B:/splash.png opened via LVGL
I (70534) main: [BOOT] ✓ A:/splash.png opened via LVGL
I (70537) main: [BOOT] Touch: enabled
I (70539) main: [BOOT] Display ready
I (70541) main: [BOOT] Clock context set: 2026-03-02 03:23:08, bg='A:/spring-flower.png'
I (70549) main: [BOOT] ui_show_splash...
I (70552) ui: ui_show_splash: start
I (70556) main: [B: DRIVER] Open request: path='/splash.png', mode=2
I (70567) main: [B: DRIVER] Full path: /spiffs/splash.png
I (70569) main: [B: DRIVER] Successfully opened fd=6
I (70572) ui: ui_splash_load_image: loaded, src=0x4816cb00
I (70577) ui: ui_show_splash: complete
I (70581) main: [B: DRIVER] Open request: path='/splash.png', mode=2
I (70593) main: [B: DRIVER] Full path: /spiffs/splash.png
I (70595) main: [B: DRIVER] Successfully opened fd=6
I (70604) main: [B: DRIVER] Open request: path='/splash.png', mode=2
I (70614) main: [B: DRIVER] Full path: /spiffs/splash.png
I (70620) main: [B: DRIVER] Successfully opened fd=6
I (70624) main: [B: DRIVER] Open request: path='/splash.png', mode=2
I (70630) main: [B: DRIVER] Full path: /spiffs/splash.png
I (70635) main: [B: DRIVER] Successfully opened fd=6
I (70645) main: [B: DRIVER] Open request: path='/splash.png', mode=2
I (70647) main: [B: DRIVER] Full path: /spiffs/splash.png
I (70651) main: [B: DRIVER] Successfully opened fd=6
I (71234) ui: ui_clock_init: start
I (71243) screen_mgr: Screen manager initialized
I (71248) ui: ui_color_from_settings: 0x000000
I (71253) ui: ui_bg_try_load: loading A:/spring-flower.png (gif=0)
I (71286) ui: ui_bg_verify: background loaded from A:/spring-flower.png
I (71289) ui: clock_update_cb: 2026-03-02 03:23:09
I (72296) screen_mgr: Pushed screen 0 to stack (depth: 1)
I (72302) screen_mgr: Clock screen set
I (72304) ui: ui_clock_post_init: complete, heap=26692820
I (72308) ui: ui_clock_init: complete
I (72311) main: [BOOT] ui_launch_clock done — entering health loop
I (115458) ui: touch: PRESSED
I (115567) ui: gesture: SWIPE UP — opening settings
I (115572) screen_mgr: Navigating to screen 1
I (115574) screen_mgr: Creating screen 1 on demand
I (115581) screen_mgr: Pushed screen 1 to stack (depth: 2)
I (116839) screen_mgr: Settings item clicked: 6
I (116844) screen_mgr: Navigating to screen 6
I (116846) screen_mgr: Creating screen 6 on demand
I (116848) screen_mgr: Animation preview — free heap: 26681872 SPIRAM: 26417220
I (116851) screen_mgr: anim: heap=26681872 SPIRAM=26417220
I (116860) screen_mgr: anim: calling lv_lottie_create
E (116862) lv_lottie: ctor: ENTRY obj=0x4847a3c0
E (116865) lv_lottie: ctor: set_size done
E (116869) lv_lottie: ctor: tvg_animation_new
E (116873) lv_lottie: ctor: tvg_animation_get_picture
E (116877) lv_lottie: ctor: tvg_swcanvas_create
E (116882) lv_lottie: ctor: tvg init done, creating semaphores
E (116887) lv_lottie: ctor: fields init done, internal_free=296359
E (116893) lv_lottie: ctor: xSemaphoreCreateBinary #1
E (116902) lv_lottie: ctor: start_sem=0x4ff491ac
E (116904) lv_lottie: ctor: xSemaphoreCreateBinary #2
E (116907) lv_lottie: ctor: done_sem=0x4ff4920c
E (116911) lv_lottie: ctor: xSemaphoreCreateBinary #3
E (116917) lv_lottie: ctor: exit_sem=0x4ff4926c
E (116920) lv_lottie: ctor: xTaskCreateWithCaps SPIRAM stack=98304
