

===== Log session started at 1772447366 (slot 0) =====
Debug log initialized successfully
I (1982) debug_log: Debug logging started: /sdcard/logs/debug_log0.log (0.0 MB used)
I (1984) debug_log: vprintf redirection: original=0x4814fb6c
I (1986) main: [BOOT] Debug log: /sdcard/logs/debug_log0.log
I (1991) main: [BOOT] Reset reason (SD): PANIC (4)
E (1996) main: ===== ABNORMAL RESET: reason=PANIC ===== (see previous log slot)
I (2003) main: [BOOT] RTC crash magic: 0xdeadbeef (VALID — crash context follows)
E (2015) main: ===== PREVIOUS CRASH (RTC memory) =====
E (2017) main:   Stage : health_loop
E (2019) main:   Reason: Illegal instruction
E (2023) main:   PC=0x4ff00d9a  RA=0x4ff0b56a  SP=0x4ff26a30
E (2028) main: ========================================
I (2041) main: [BOOT] SD: ✓ /sdcard/splash.png (426223 bytes)
I (2043) main: [BOOT] Wi-Fi: connecting to 'LadyB'
I (2046) transport: Attempt connection with slave: retry[0]
I (2048) transport: Reset slave using GPIO[54]
I (2052) os_wrapper_esp: GPIO [54] configured
I (3663) H_SDIO_DRV: Starting SDIO process rx task
I (3663) sdio_wrapper: GPIOs: CLK[18] CMD[19] D0[14] D1[15] D2[16] D3[17] Slave_Reset[54]
I (3675) sdio_wrapper: Queues: Tx[20] Rx[20] SDIO-Rx-Mode[1]
I (3752) sdio_wrapper: Function 0 Blocksize: 512
I (3761) sdio_wrapper: Function 1 Blocksize: 512
I (3762) H_SDIO_DRV: SDIO Host operating in STREAMING MODE
I (3767) H_SDIO_DRV: generate slave intr
I (3775) transport: Received INIT event from ESP32 peripheral
I (3777) transport: EVENT: 12
I (3779) transport: EVENT: 11
I (3786) transport: capabilities: 0xd
I (3788) transport: Features supported are:
I (3790) transport: 	 * WLAN
I (3792) transport: 	   - HCI over SDIO
I (3795) transport: 	   - BLE only
I (3798) transport: EVENT: 13
I (3801) transport: ESP board type is : 13 

I (3805) transport: Base transport is set-up

I (3809) transport: Slave chip Id[12]
I (3813) hci_stub_drv: Host BT Support: Disabled
I (3817) H_SDIO_DRV: Received INIT event
I (3867) rpc_wrap: --- ESP Event: Slave ESP Init ---
I (4877) network: Wi-Fi infrastructure initialized (no connection)
I (4922) H_API: esp_wifi_remote_connect
W (4962) rpc_rsp: Hosted RPC_Resp [0x21a], uid [8], resp code [12290]
I (5052) network: Wi-Fi init complete, connecting to 'LadyB'
I (5057) main: [BOOT] network_init: OK
I (5060) main: [BOOT] OTA init...
I (5062) ota: Running partition: ota_1 (type=0 subtype=17 offset=0xa20000 size=0x500000)
I (5064) ota: Current firmware version: 1.0.2
I (5068) ota: Compiled: Mar  2 2026 04:14:11
I (5071) ota: OTA image marked as valid
I (5081) ota: OTA image already marked as valid
I (5083) main: [BOOT] OTA valid: slot=ota_1, version=1.0.2
I (5088) main: [BOOT] Waiting for SNTP time sync...
I (8113) esp_wifi_remote: esp_wifi_internal_reg_rxcb: sta: 0x4811d78c
I (9128) esp_netif_handlers: sta ip: 192.168.1.15, mask: 255.255.255.0, gw: 192.168.1.1
I (9132) network: Got IP, starting SNTP
I (9134) network: NTP server 0: pool.ntp.org
I (9136) network: NTP server 1: time.google.com
I (9138) network: NTP server 2: time.cloudflare.com
I (9146) network: NTP server 3: time.nist.gov
I (10151) network: Saved time to NVS: 1772447374
I (10156) network: SNTP synchronised successfully
I (10157) main: [BOOT] SNTP sync complete
I (10159) main: [BOOT] TZ: EST5EDT,M3.2.0/2,M11.1.0/2
I (10161) main: [BOOT] Local time: 2026-03-02 05:29:34
I (10164) http_api: Starting HTTP API server on port 80
I (10170) http_api: HTTP API server started successfully
I (10174) main: [BOOT] HTTP API started on port 80
I (10179) main: [BOOT] Pre-launch heap: free=31602868 min=31602024
I (10189) main: [BOOT] Pre-launch tasks:
main           	X	1	4420	10	0
IDLE0          	R	0	1180	11	0
IDLE1          	R	0	1172	12	1
tiT            	B	18	2656	14	-1
Tmr Svc        	B	1	1660	13	-1
esp_timer      	S	22	3724	9	0
rpc_tx         	B	23	4264	8	-1
ipc1           	S	24	648	2	1
rpc_rx         	B	23	2996	7	-1
sdio_read      	B	23	2516	4	0
sdio_rx_buf    	B	23	4580	3	-1
sdio_process_rx	B	23	3064	5	-1
sdio_write     	B	23	4284	6	-1
httpd          	B	5	7364	16	-1
sys_evt        	B	20	844	15	0
ipc0           	S	24	640	1	0

I (10240) main: [BOOT] Awaiting launch (60 s or POST /debug/launch) — display dark
I (70179) main: [BOOT] Launch signaled — heap free=31602848
I (70193) main: Partition size: total: 474641, used: 429963
I (70198) main: [BOOT] SPIFFS: mounted
I (70200) main: [BOOT] SPIFFS:   splash.png
I (70213) main: [BOOT] SPIFFS: ✓ splash.png (426223 bytes)
I (70218) main: [BOOT] display_init: heap free=31601448
I (70220) main: [BOOT] bsp_display_start_with_config...
I (70226) lv_mem_esp: LVGL memory using ESP-IDF heap_caps with SPIRAM preference
I (70228) lv_mem_esp: All allocations aligned to 64 bytes for PPA compatibility
I (70234) LVGL: Starting LVGL task
W (70236) ledc: GPIO 26 is not usable, maybe conflict with others
I (70242) ESP32_P4_EV: MIPI DSI PHY Powered on
I (70247) ESP32_P4_EV: Install MIPI DSI LCD control panel
I (70251) ESP32_P4_EV: Install EK79007 LCD control panel
I (70256) ek79007: version: 1.0.2
I (70431) ESP32_P4_EV: Display initialized
I (70435) ESP32_P4_EV: Display resolution 1024x600
E (70445) lcd_panel: esp_lcd_panel_swap_xy(50): swap_xy is not supported by this panel
W (70447) i2c.master: Please check pull-up resistances whether be connected properly. Otherwise unexpected behavior would happen. For more detailed information, please read docs
I (70462) GT911: I2C address initialization procedure skipped - using default GT9xx setup
I (70467) GT911: TouchPad_ID:0x39,0x31,0x31
I (70471) GT911: TouchPad_Config_Version:89
I (70474) main: [BOOT] bsp_display_start done, heap free=29034736
I (70484) main: [BOOT] LVGL log callback registered
I (70487) main: [BOOT] Display watchdog started (timeout 15000 ms)
I (70492) ESP32_P4_EV: Setting LCD backlight: 100%
I (70495) ESP32_P4_EV: Setting LCD backlight: 50%
I (70500) main: [BOOT] Brightness: 50%
I (70503) main: [BOOT] ✓ PPA hardware acceleration: ENABLED
I (70509) main: [BOOT] ✓ PPA image operations: ENABLED
I (70514) main: [BOOT] ✓ PPA in BSP display driver: ENABLED
I (70519) main: [BOOT] Buffer alignment: 64 bytes
I (70528) main: [BOOT] Stride alignment: 64 bytes
I (70530) main: [BOOT] Registering LVGL FS drivers
I (70533) main: [BOOT] A: drive registered (/sdcard)
I (70537) main: [BOOT] B: drive registered (/spiffs)
I (70542) main: [B: DRIVER] Open request: path='/splash.png', mode=2
I (70548) main: [B: DRIVER] Full path: /spiffs/splash.png
I (70553) main: [B: DRIVER] Successfully opened fd=6
I (70558) main: [BOOT] ✓ B:/splash.png opened via LVGL
I (70568) main: [BOOT] ✓ A:/splash.png opened via LVGL
I (70574) main: [BOOT] Touch: enabled
I (70576) main: [BOOT] Display ready
I (70578) main: [BOOT] Clock context set: 2026-03-02 05:30:34, bg='A:/spring-flower.png'
I (70582) main: [BOOT] ui_show_splash...
I (70586) ui: ui_show_splash: start
I (70589) main: [B: DRIVER] Open request: path='/splash.png', mode=2
I (70595) main: [B: DRIVER] Full path: /spiffs/splash.png
I (70600) main: [B: DRIVER] Successfully opened fd=6
I (70605) ui: ui_splash_load_image: loaded, src=0x4816fcc0
I (70610) ui: ui_show_splash: complete
I (70634) main: [B: DRIVER] Full path: /spiffs/splash.png
I (70640) main: [B: DRIVER] Full path: /spiffs/splash.png
I (70647) main: [B: DRIVER] Successfully opened fd=6
I (70652) main: [B: DRIVER] Successfully opened fd=7
I (70657) main: [B: DRIVER] Open request: path='/splash.png', mode=2
I (70667) main: [B: DRIVER] Full path: /spiffs/splash.png
I (70679) main: [B: DRIVER] Successfully opened fd=6
I (70686) main: [B: DRIVER] Open request: path='/splash.png', mode=2
I (70688) main: [B: DRIVER] Full path: /spiffs/splash.png
I (70696) main: [B: DRIVER] Successfully opened fd=6
I (71263) ui: ui_clock_init: start
I (71268) screen_mgr: Screen manager initialized
I (71277) ui: ui_color_from_settings: 0x000000
I (71282) ui: ui_bg_try_load: loading A:/spring-flower.png (gif=0)
I (71316) ui: ui_bg_verify: background loaded from A:/spring-flower.png
I (71318) ui: clock_update_cb: 2026-03-02 05:30:35
I (72296) screen_mgr: Pushed screen 0 to stack (depth: 1)
I (72317) screen_mgr: Clock screen set
I (72326) ui: clock_lottie: alloc SPIRAM buf 166400 B (stride=832)
I (72369) ui: clock_lottie: buf at 0x48485140
E (72382) lv_lottie: ctor: ENTRY obj=0x48479000 count=0
E (72387) lv_lottie: ctor: set_size done
E (72389) lv_lottie: ctor: tvg_animation_new
E (72391) lv_lottie: ctor: tvg_animation_get_picture
E (72393) lv_lottie: ctor: tvg_swcanvas_create
E (72396) lv_lottie: ctor: fields init done, internal_free=187103
E (72400) lv_lottie: ctor: done_sem=0x4ff63c74
I (72405) lv_lottie: lottie: shared render task started (stack=40960 B DRAM, DRAM free=186903 B)
I (72405) lv_lottie: render_task: started stack_addr=0x4ff26ee7 DRAM free=186903 B
I (72418) ui: clock_lottie: widget=0x48479000 placed BOTTOM_LEFT
I (72426) ui: clock_lottie: spawning load task (stack=65536 B, DRAM)
I (72461) ui: clock_lottie_load_task: start path='/sdcard/hummingbird.json' stack=0x4ff740a7
I (72469) ui: clock_lottie_load_task: heap=26337360 SPIRAM=26248572 stack_hw=63356
I (72491) ui: clock_lottie: file found, size=742521 B
I (72493) ui: clock_lottie: acquiring LVGL lock
I (72499) ui: clock_lottie: calling lv_lottie_set_src_file
E (72502) lv_lottie: CP1: tvg_picture_load start src=/sdcard/hummingbird.json
LottieLoader ctor: builder=0x4ff63ff4open: start path=/sdcard/hummingbird.jsonopen: fopen=0x4ff3c018open: lv_malloc content=0x484adb80 size=742521open: calling header()header: single-thread, calling LoadModule::read()header: calling run(0)run: creating LottieParserrun: calling parser.parse()run: parse OK, comp=0x4ff64084run: calling builder->build(comp)run: build doneheader: run(0) done, comp=0x4ff64084E (73524) lv_lottie: CP2: tvg_picture_load done res=0
E (73530) lv_lottie: CP3: tvg_picture_set_size 200x200
E (73535) lv_lottie: CP4: tvg_picture_set_size done
E (73539) lv_lottie: CP5: tvg_animation_get_total_frame start
E (73545) lv_lottie: CP6: tvg_animation_get_total_frame done f_total=56
E (73551) lv_lottie: CP7: calling lottie_update (initial, inline on load-task stack)
E (73560) lv_lottie: LU1: tvg_animation_set_frame 0 (initial, inline)
E (73565) lv_lottie: LU2: tvg_canvas_update
E (73577) lv_lottie: LU3: tvg_canvas_draw
E (73579) lv_lottie: LU4: tvg_canvas_sync
E (73581) lv_lottie: LU5: initial render done — load task stack_hw=45128 B
E (73584) lv_lottie: CP8: lottie_update done
I (73587) ui: clock_lottie: lv_lottie_set_src_file returned
I (73592) ui: clock_lottie: fps=20 dur=933→2799 ms
