I (1772) main_task: Started on CPU0
I (1775) main_task: Calling app_main()
I (1778) main: === app_main starting ===
I (1782) main: [0] Panic handler registered
I (1786) main: [0] Initializing settings...
I (1790) settings: Initializing settings system
I (1798) settings: NVS initialized successfully
I (1798) main: [0] Settings initialized
I (1802) main: [0] Loading settings...
I (1806) settings: Settings loaded from NVS
I (1809) settings:   WiFi configured: yes
I (1813) settings:   SSID: LadyB
I (1816) settings:   Brightness: 50%
I (1819) settings:   Location: 43.366, -85.851
I (1823) main: [0] Settings loaded
I (1826) main: [1] Mounting SPIFFS...
I (1840) main: Partition size: total: 474641, used: 429963
I (1840) main: [1] SPIFFS mounted successfully
I (1840) main: [1] Verifying SPIFFS contents:
I (1843) main: [1]   - splash.png
I (1857) main: [1] ✓ splash.png exists (426223 bytes)
I (1857) main: [1.5] Initializing SD card...
I (1857) sdcard: Initializing SD card subsystem
I (1859) sdcard: Mounting SD card using BSP...
W (1864) ldo: The voltage value 0 is out of the recommended range [500, 2700]
W (1871) ESP32_P4_EV: Warning: Long filenames on SD card are disabled in menuconfig!
I (1878) sdmmc_periph: sdmmc_host_init: SDMMC host already initialized, skipping init flow
Name: SC16G
Type: SDHC
Speed: 40.00 MHz (limit: 40.00 MHz)
Size: 15193MB
CSD: ver=2, sector_size=512, capacity=31116288 read_bl_len=9
SSR: bus_width=4
I (2055) sdcard: SD card mounted at /sdcard
I (2059) main: [1.5] SD card mounted: SDHC
I (2062) main: [1.5] Capacity: 0.25 GB, Used: 0.06 GB (24%)
I (2073) sdcard: Directory exists: /sdcard/backgrounds
I (2073) sdcard: Directory exists: /sdcard/logs
I (2077) sdcard: Directory exists: /sdcard/settings
I (2083) sdcard: Directory exists: /sdcard/screenshots
I (2088) sdcard: Directory exists: /sdcard/firmware
I (2091) main: [1.5] Starting debug log capture...
I (2095) debug_log: Initializing debug log system
I (2113) debug_log: Debug logging started, writing to: /sdcard/logs/debug.log
I (2114) debug_log: vprintf redirection: original=0x48167e32
--- 0x48167e32: vprintf at /builds/idf/crosstool-NG/.build/riscv32-esp-elf/src/newlib/newlib/libc/stdio/vprintf.c:30

I (2120) main: [1.5] Debug logging started: /sdcard/logs/debug.log
I (2131) main: [1.5] ✓ /sdcard/splash.png exists (426223 bytes)
I (2133) main: [2] Configuring display…
[Info]  (0.000, +0)      lv_init: begin lv_init.c:188
I (2135) lv_mem_esp: LVGL memory using ESP-IDF heap_caps with SPIRAM preference
I (2145) lv_mem_esp: All allocations aligned to 64 bytes for PPA compatibility
I (2150) LVGL: Starting LVGL task
W (2150) ledc: GPIO 26 is not usable, maybe conflict with others
I (2160) ESP32_P4_EV: MIPI DSI PHY Powered on
I (2163) ESP32_P4_EV: Install MIPI DSI LCD control panel
I (2171) ESP32_P4_EV: Install EK79007 LCD control panel
I (2173) ek79007: version: 1.0.2
I (2347) ESP32_P4_EV: Display initialized
I (2351) ESP32_P4_EV: Display resolution 1024x600
[Info]  (0.192, +192)    lv_obj_create: begin lv_obj.c:229
[Info]  (0.192, +0)      lv_obj_create: begin lv_obj.c:229
[Info]  (0.192, +0)      lv_obj_create: begin lv_obj.c:229
[Info]  (0.208, +16)     lv_obj_create: begin lv_obj.c:229
E (2364) lcd_panel: esp_lcd_panel_swap_xy(50): swap_xy is not supported by this panel
W (2377) i2c.master: Please check pull-up resistances whether be connected properly. Otherwise unexpected behavior would happen. For more detailed information, please read docs
I (2392) GT911: I2C address initialization procedure skipped - using default GT9xx setup
I (2401) GT911: TouchPad_ID:0x39,0x31,0x31
I (2403) GT911: TouchPad_Config_Version:89
I (2405) ESP32_P4_EV: Setting LCD backlight: 100%
I (2409) ESP32_P4_EV: Setting LCD backlight: 50%
I (2413) main: [2] Brightness set to 50%
I (2417) main: [2] Initializing LVGL POSIX filesystem driver for SD card (A:)
I (2424) main: [2] ✓ A: drive registered (base path: /sdcard)
I (2429) main: [2] Registering LVGL SPIFFS driver (B:)
I (2434) main: [2] ✓ B: drive registered (base path: /spiffs)
I (2446) main: [2] Testing LVGL filesystem drivers:
I (2448) main: [B: DRIVER] Open request: path='/splash.png', mode=2
I (2450) main: [B: DRIVER] Full path: /spiffs/splash.png
I (2455) main: [B: DRIVER] Successfully opened fd=6
I (2460) main: [2] ✓ B:/splash.png opened successfully via LVGL
I (2471) main: [2] ✓ A:/splash.png opened successfully via LVGL
I (2473) main: [2] Touch input enabled
I (2476) main: [3] Showing splash…
I (2478) ui: ui_show_splash: start - loading from SPIFFS
[Info]  (0.336, +128)    lv_image_create: begin lv_image.c:141
I (2488) main: [B: DRIVER] Open request: path='/splash.png', mode=2
I (2495) main: [B: DRIVER] Full path: /spiffs/splash.png
I (2500) main: [B: DRIVER] Successfully opened fd=6
[Info]  (0.352, +16)     image_decoder_get_info: Image decoder didn't set stride. Calculate it from width. lv_image_decoder.c:350
I (2514) ui: Splash image loaded from SPIFFS, source pointer: 0x4818ff00
I (2525) ui: ui_show_splash: complete
I (2527) main: [3] Splash done
I (2529) main: [B: DRIVER] Open request: path='/splash.png', mode=2
I (2529) main: [4] network_init…
I (2534) main: [B: DRIVER] Full path: /spiffs/splash.png
I (2545) main: [B: DRIVER] Successfully opened fd=6
[Info]  (0.400, +48)     image_decoder_get_info: Image decoder didn't set stride. Calculate it from width. lv_image_decoder.c:350
I (2556) main: [B: DRIVER] Open request: path='/splash.png', mode=2
I (2567) main: [B: DRIVER] Full path: /spiffs/splash.png
I (2569) main: [B: DRIVER] Successfully opened fd=6
[Info]  (0.416, +16)     image_decoder_get_info: Image decoder didn't set stride. Calculate it from width. lv_image_decoder.c:350
I (2583) main: [B: DRIVER] Open request: path='/splash.png', mode=2
I (2593) main: [B: DRIVER] Full path: /spiffs/splash.png
I (2595) main: [B: DRIVER] Successfully opened fd=6
I (2605) main: [B: DRIVER] Open request: path='/splash.png', mode=2
I (2607) main: [B: DRIVER] Full path: /spiffs/splash.png
I (2611) main: [B: DRIVER] Successfully opened fd=6
I (3203) main: [4] Using WiFi credentials from settings
I (3236) transport: Attempt connection with slave: retry[0]
I (3241) transport: Reset slave using GPIO[54]
I (3243) os_wrapper_esp: GPIO [54] configured
I (4872) sdio_wrapper: SDIO master: Slot 1, Data-Lines: 4-bit Freq(KHz)[40000 KHz]
I (4872) H_SDIO_DRV: Starting SDIO process rx task
I (4877) sdio_wrapper: GPIOs: CLK[18] CMD[19] D0[14] D1[15] D2[16] D3[17] Slave_Reset[54]
I (4882) sdio_wrapper: Queues: Tx[20] Rx[20] SDIO-Rx-Mode[1]
Name: 
Type: SDIO
Speed: 40.00 MHz (limit: 40.00 MHz)
Size: 0MB
CSD: ver=1, sector_size=0, capacity=0 read_bl_len=0
SCR: sd_spec=0, bus_width=0
TUPLE: DEVICE, size: 3: D9 01 FF 
TUPLE: MANFID, size: 4
  MANF: 0092, CARD: 6666
TUPLE: FUNCID, size: 2: 0C 00 
TUPLE: FUNCE, size: 4: 00 00 02 32 
TUPLE: CONFIG, size: 5: 01 01 00 02 07 
TUPLE: CFTABLE_ENTRY, size: 8
  INDX: C1, Intface: 1, Default: 1, Conf-Entry-Num: 1
  IF: 41
  FS: 30, misc: 0, mem_space: 1, irq: 1, io_space: 0, timing: 0, power: 0
  IR: 30, mask: 1,   IRQ: FF FF
  LEN: FFFF
TUPLE: END
I (4965) sdio_wrapper: Function 0 Blocksize: 512
I (4974) sdio_wrapper: Function 1 Blocksize: 512
I (4976) H_SDIO_DRV: SDIO Host operating in STREAMING MODE
I (4980) H_SDIO_DRV: generate slave intr
I (4990) transport: Received INIT event from ESP32 peripheral
I (4995) transport: EVENT: 12
I (4997) transport: EVENT: 11
I (4999) transport: capabilities: 0xd
I (5001) transport: Features supported are:
I (5003) transport:      * WLAN
I (5005) transport:        - HCI over SDIO
I (5008) transport:        - BLE only
I (5015) transport: EVENT: 13
I (5017) transport: ESP board type is : 13 

I (5019) transport: Base transport is set-up

I (5022) transport: Slave chip Id[12]
I (5026) hci_stub_drv: Host BT Support: Disabled
I (5030) H_SDIO_DRV: Received INIT event
I (5052) rpc_wrap: --- ESP Event: Slave ESP Init ---
I (6061) network: Wi‑Fi infrastructure initialized (no connection)
I (6106) H_API: esp_wifi_remote_connect
W (6147) rpc_rsp: Hosted RPC_Resp [0x21a], uid [8], resp code [12290]
I (6237) network: Wi‑Fi initialization complete, connecting to 'LadyB'
I (6247) main: [4] network_init: OK
I (6249) main: [4] Waiting for SNTP…
I (6257) H_API: esp_wifi_remote_connect
I (9292) esp_wifi_remote: esp_wifi_internal_reg_rxcb: sta: 0x481121ac
--- 0x481121ac: wifi_sta_receive at /home/tvanfossen/esp/esp-idf/components/esp_wifi/src/wifi_netif.c:39

I (10314) esp_netif_handlers: sta ip: 192.168.1.18, mask: 255.255.255.0, gw: 192.168.1.1
I (10318) network: Got IP, starting SNTP
I (10320) network: NTP server 0: pool.ntp.org
I (10321) network: Waiting for SNTP sync… attempt 1/10 (delay: 1000ms)
I (10322) network: NTP server 1: time.google.com
I (10333) network: NTP server 2: time.cloudflare.com
I (10339) network: NTP server 3: time.nist.gov
I (11341) network: Waiting for SNTP sync… attempt 2/10 (delay: 2000ms)
I (13345) network: SNTP synchronized successfully: 2025-12-06 04:24:09
I (13350) network: Saved time to NVS: 1764995049
I (13352) main: [4] SNTP sync complete
I (13354) main: [5] Setting TZ to EST5EDT,M3.2.0/2,M11.1.0/2
I (13355) main: [5.5] Initializing OTA...
I (13358) ota: Running partition: factory (type=0, subtype=0, offset=0x20000, size=0x500000)
I (13373) ota: Current firmware version: 1.0.2
I (13376) ota: Compiled: Dec  5 2025 23:21:57
W (13377) ota: Failed to get OTA state: ESP_ERR_NOT_SUPPORTED
I (13380) main: [5.5] Running partition: factory, version: 1.0.2
I (13386) main: [6] Local time 2025-12-05 23:24:09
I (13391) weather: weather_init: API key = [redacted]…
I (13396) main: [6] Starting HTTP API server...
I (13400) http_api: Starting HTTP API server on port 80
I (13406) http_api: HTTP API server started successfully
I (13415) main: [6] HTTP API server started on port 80
I (13417) main: [7] Showing start screen (bootloader mode)…
I (13420) ui: ui_show_start_screen: displaying bootloader screen
[Info]  (11.264, +10848)         lv_label_create: begin lv_label.c:123
[Info]  (11.280, +16)    lv_label_create: begin lv_label.c:123
[Info]  (11.280, +0)     lv_label_create: begin lv_label.c:123
[Info]  (11.280, +0)     lv_textarea_create: begin lv_textarea.c:187
[Info]  (11.296, +16)    lv_label_create: begin lv_label.c:123
[Info]  (11.296, +0)     lv_textarea_create: begin lv_textarea.c:187
[Info]  (11.296, +0)     lv_label_create: begin lv_label.c:123
[Info]  (11.312, +16)    lv_button_create: begin lv_button.c:51
[Info]  (11.312, +0)     lv_label_create: begin lv_label.c:123
[Info]  (11.312, +0)     lv_button_create: begin lv_button.c:51
[Info]  (11.328, +16)    lv_label_create: begin lv_label.c:123
[Info]  (11.328, +0)     lv_button_create: begin lv_button.c:51
[Info]  (11.328, +0)     lv_label_create: begin lv_label.c:123
I (13494) ui: ui_show_start_screen: complete
I (13512) main: [7] Start screen ready - press Start to launch clock
I (13544) main: [7] Entering idle loop with heap monitoring
[Info]  (12.752, +1424)  indev_proc_press: pressed at x:558 y:364 lv_indev.c:1191
[Info]  (12.784, +32)    indev_proc_press: pressed at x:558 y:364 lv_indev.c:1191
[Info]  (12.784, +0)     indev_proc_press: pressed at x:558 y:364 lv_indev.c:1191
[Info]  (12.816, +32)    indev_proc_press: pressed at x:558 y:364 lv_indev.c:1191
[Info]  (12.816, +0)     indev_proc_press: pressed at x:558 y:364 lv_indev.c:1191
[Info]  (12.832, +16)    indev_proc_press: pressed at x:558 y:364 lv_indev.c:1191
[Info]  (12.848, +16)    indev_proc_press: pressed at x:558 y:364 lv_indev.c:1191
[Info]  (12.864, +16)    indev_proc_press: pressed at x:558 y:364 lv_indev.c:1191
[Info]  (12.880, +16)    indev_proc_press: pressed at x:558 y:364 lv_indev.c:1191
[Info]  (12.896, +16)    indev_proc_press: pressed at x:558 y:364 lv_indev.c:1191
[Info]  (12.912, +16)    indev_proc_press: pressed at x:558 y:364 lv_indev.c:1191
[Info]  (12.928, +16)    indev_proc_release: released lv_indev.c:1435
I (15089) ui: Start button pressed - initializing clock UI
I (15095) ui: ui_clock_init: start
I (15097) screen_mgr: Screen manager initialized
I (15344) ui: SD card mounted, attempting to load background from A:/sunset.gif
I (15347) ui: Detected GIF file, loading from A:/sunset.gif
[Info]  (13.184, +256)   lv_gif_create: begin lv_gif.c:56
I (19286) ui: GIF optimized for background playback (infinite loop, fullscreen)
I (19289) ui: Background image loaded successfully from A:/sunset.gif
I (19291) ui: Text color loaded from settings: 0xFFFFFF (RGB: 255, 255, 255)
[Info]  (17.136, +3952)  lv_obj_create: begin lv_obj.c:229
[Info]  (17.136, +0)     lv_label_create: begin lv_label.c:123
[Info]  (17.136, +0)     lv_label_create: begin lv_label.c:123
[Info]  (17.136, +0)     lv_label_create: begin lv_label.c:123
[Info]  (17.136, +0)     lv_obj_create: begin lv_obj.c:229
[Info]  (17.136, +0)     lv_image_create: begin lv_image.c:141
[Info]  (17.136, +0)     lv_label_create: begin lv_label.c:123
[Info]  (17.136, +0)     lv_label_create: begin lv_label.c:123
I (19337) ui: clock_update_cb: start
I (19344) ui: clock_update_cb: current RTC time 2025-12-05 23:24:15
I (19348) ui: clock_update_cb: updating time='11:24' ampm='PM' date='Friday, December, 05'
I (19360) ui: clock_update_cb: end
I (19362) ui: weather_update_cb: start (heap: 23283232 bytes)
I (19364) weather: weather_fetch: URL=https://api.weatherbit.io/v2.0/current?lat=43.366&lon=-85.851&key=38e536285e6549cb94f0f787ee68e44d
I (19999) esp-x509-crt-bundle: Certificate validated
I (20319) weather: HTTP Status: 200, Content-Length: 663
I (20325) weather: weather_fetch: received 663 bytes JSON
I (20327) weather: weather_fetch: payload:
{"count":1,"data":[{"app_temp":-7.5,"aqi":27,"city_name":"Grant","clouds":77,"country_code":"US","datetime":"2025-12-06:02","dewpt":-3.1,"dhi":0,"dni":0,"elev_angle":-61.32,"ghi":0,"gust":11.2,"h_angle":-90,"lat":43.366,"lon":-85.851,"ob_time":"2025-12-06 04:00","pod":"n","precip":1,"pres":978,"rh":94,"slp":1009,"snow":10,"solar_rad":0,"sources":["rtma","radar","satellite"],"state_code":"MI","station":"MIGRT","sunrise":"13:01","sunset":"22:07","temp":-2.3,"timezone":"America/Detroit","ts":1764993612,"uv":0,"vis":2,"weather":{"description":"Light Snow","icon":"s01n","code":600},"wind_cdir":"SW","wind_cdir_full":"southwest","wind_dir":222,"wind_spd":4.6}]}

I (20391) weather: weather_fetch: parsed city=Grant temp=-2.3°C feels=-7.5°C desc="Light Snow"
I (20393) ui: weather_update_cb: fetch complete, updating UI
I (20396) weather: weather icon url: https://www.weatherbit.io/static/img/icons/s01n.png
I (21127) esp-x509-crt-bundle: Certificate validated
I (21892) weather: weather_fetch_icon: downloaded 3256 bytes
I (21900) ui: weather_update_cb: icon 3256 bytes
[Info]  (19.744, +2608)  image_decoder_get_info: Image decoder didn't set stride. Calculate it from width. lv_image_decoder.c:350
I (21905) ui: weather_update_cb: complete (heap: 23271704 bytes)
I (21913) ui: ui_clock_init: touch event handlers registered
I (21918) screen_mgr: Pushed screen 0 to stack (depth: 1)
I (21923) screen_mgr: Clock screen set
I (21927) ui: ui_clock_init: complete
[Info]  (23.664, +3920)  grid_update: update 0x484ac500 container lv_grid.c:189
[Info]  (23.664, +0)     grid_update: update 0x484ac500 container lv_grid.c:189
[Warn]  (23.664, +0)     lv_draw_buf_init: Data is not aligned, ignored lv_draw_buf.c:298
[Info]  (23.664, +0)     image_decoder_get_info: Image decoder didn't set stride. Calculate it from width. lv_image_decoder.c:350
[Info]  (23.664, +0)     image_decoder_get_info: Image decoder didn't set stride. Calculate it from width. lv_image_decoder.c:350
[Warn]  (24.768, +1104)  lv_draw_buf_init: Data is not aligned, ignored lv_draw_buf.c:298
[Info]  (24.768, +0)     image_decoder_get_info: Image decoder didn't set stride. Calculate it from width. lv_image_decoder.c:350
[Warn]  (25.776, +1008)  lv_draw_buf_init: Data is not aligned, ignored lv_draw_buf.c:298
[Info]  (25.776, +0)     image_decoder_get_info: Image decoder didn't set stride. Calculate it from width. lv_image_decoder.c:350
[Warn]  (26.656, +880)   lv_draw_buf_init: Data is not aligned, ignored lv_draw_buf.c:298
[Info]  (26.656, +0)     image_decoder_get_info: Image decoder didn't set stride. Calculate it from width. lv_image_decoder.c:350
[Warn]  (27.696, +1040)  lv_draw_buf_init: Data is not aligned, ignored lv_draw_buf.c:298
[Info]  (27.696, +0)     image_decoder_get_info: Image decoder didn't set stride. Calculate it from width. lv_image_decoder.c:350
[Info]  (28.592, +896)   indev_proc_press: pressed at x:534 y:475 lv_indev.c:1191
[Warn]  (28.592, +0)     lv_draw_buf_init: Data is not aligned, ignored lv_draw_buf.c:298
[Info]  (28.592, +0)     image_decoder_get_info: Image decoder didn't set stride. Calculate it from width. lv_image_decoder.c:350
[Info]  (29.520, +928)   indev_proc_press: pressed at x:539 y:138 lv_indev.c:1191
I (31677) ui: Gesture: SWIPE UP - Opening settings menu
I (31683) screen_mgr: Navigating to screen 1
I (31685) screen_mgr: Creating screen 1
[Info]  (29.536, +16)    lv_obj_create: begin lv_obj.c:229
[Info]  (29.536, +0)     lv_label_create: begin lv_label.c:123
[Info]  (29.536, +0)     lv_button_create: begin lv_button.c:51
[Info]  (29.536, +0)     lv_label_create: begin lv_label.c:123
[Info]  (29.536, +0)     lv_list_create: begin lv_list.c:68
[Info]  (29.536, +0)     lv_list_add_button: begin lv_list.c:87
[Info]  (29.536, +0)     lv_image_create: begin lv_image.c:141
[Info]  (29.536, +0)     image_decoder_get_info: Image decoder didn't set stride. Calculate it from width. lv_image_decoder.c:350
[Info]  (29.536, +0)     lv_label_create: begin lv_label.c:123
[Info]  (29.536, +0)     lv_list_add_button: begin lv_list.c:87
[Info]  (29.536, +0)     lv_image_create: begin lv_image.c:141
[Info]  (29.536, +0)     image_decoder_get_info: Image decoder didn't set stride. Calculate it from width. lv_image_decoder.c:350
[Info]  (29.536, +0)     lv_label_create: begin lv_label.c:123
[Info]  (29.536, +0)     lv_list_add_button: begin lv_list.c:87
[Info]  (29.536, +0)     lv_image_create: begin lv_image.c:141
[Info]  (29.536, +0)     image_decoder_get_info: Image decoder didn't set stride. Calculate it from width. lv_image_decoder.c:350
[Info]  (29.536, +0)     lv_label_create: begin lv_label.c:123
[Info]  (29.536, +0)     lv_list_add_button: begin lv_list.c:87
[Info]  (29.536, +0)     lv_image_create: begin lv_image.c:141
[Info]  (29.536, +0)     image_decoder_get_info: Image decoder didn't set stride. Calculate it from width. lv_image_decoder.c:350
[Info]  (29.536, +0)     lv_label_create: begin lv_label.c:123
[Info]  (29.536, +0)     lv_list_add_button: begin lv_list.c:87
[Info]  (29.536, +0)     lv_image_create: begin lv_image.c:141
[Info]  (29.536, +0)     image_decoder_get_info: Image decoder didn't set stride. Calculate it from width. lv_image_decoder.c:350
[Info]  (29.536, +0)     lv_label_create: begin lv_label.c:123
[Info]  (29.536, +0)     lv_list_add_button: begin lv_list.c:87
[Info]  (29.536, +0)     lv_image_create: begin lv_image.c:141
[Info]  (29.536, +0)     image_decoder_get_info: Image decoder didn't set stride. Calculate it from width. lv_image_decoder.c:350
[Info]  (29.536, +0)     lv_label_create: begin lv_label.c:123
[Info]  (29.536, +0)     lv_list_add_button: begin lv_list.c:87
[Info]  (29.536, +0)     lv_image_create: begin lv_image.c:141
[Info]  (29.536, +0)     image_decoder_get_info: Image decoder didn't set stride. Calculate it from width. lv_image_decoder.c:350
[Info]  (29.536, +0)     lv_label_create: begin lv_label.c:123
[Info]  (29.536, +0)     lv_list_add_button: begin lv_list.c:87
[Info]  (29.536, +0)     lv_image_create: begin lv_image.c:141
[Info]  (29.536, +0)     image_decoder_get_info: Image decoder didn't set stride. Calculate it from width. lv_image_decoder.c:350
[Info]  (29.536, +0)     lv_label_create: begin lv_label.c:123
I (31925) screen_mgr: Pushed screen 1 to stack (depth: 2)
[Info]  (29.776, +240)   grid_update: update 0x484ac500 container lv_grid.c:189
[Warn]  (29.792, +16)    lv_draw_buf_init: Data is not aligned, ignored lv_draw_buf.c:298
[Info]  (29.792, +0)     image_decoder_get_info: Image decoder didn't set stride. Calculate it from width. lv_image_decoder.c:350
[Info]  (30.496, +704)   flex_update: update 0x484ab380 container lv_flex.c:128
[Info]  (30.496, +0)     flex_update: update 0x487aee00 container lv_flex.c:128
[Info]  (30.496, +0)     flex_update: update 0x487af980 container lv_flex.c:128
[Info]  (30.496, +0)     flex_update: update 0x487b0500 container lv_flex.c:128
[Info]  (30.496, +0)     flex_update: update 0x487b1080 container lv_flex.c:128
[Info]  (30.496, +0)     flex_update: update 0x487b1c00 container lv_flex.c:128
[Info]  (30.496, +0)     flex_update: update 0x487b2780 container lv_flex.c:128
[Info]  (30.496, +0)     flex_update: update 0x487b3300 container lv_flex.c:128
[Info]  (30.496, +0)     flex_update: update 0x484aaf00 container lv_flex.c:128
[Info]  (30.496, +0)     flex_update: update 0x484ab380 container lv_flex.c:128
[Info]  (30.496, +0)     flex_update: update 0x487aee00 container lv_flex.c:128
[Info]  (30.496, +0)     flex_update: update 0x487af980 container lv_flex.c:128
[Info]  (30.496, +0)     flex_update: update 0x487b0500 container lv_flex.c:128
[Info]  (30.496, +0)     flex_update: update 0x487b1080 container lv_flex.c:128
[Info]  (30.496, +0)     flex_update: update 0x487b1c00 container lv_flex.c:128
[Info]  (30.496, +0)     flex_update: update 0x487b2780 container lv_flex.c:128
[Info]  (30.496, +0)     flex_update: update 0x487b3300 container lv_flex.c:128
[Info]  (30.496, +0)     flex_update: update 0x484aaf00 container lv_flex.c:128
[Info]  (30.496, +0)     flex_update: update 0x484ab380 container lv_flex.c:128
[Info]  (30.496, +0)     flex_update: update 0x487aee00 container lv_flex.c:128
[Info]  (30.496, +0)     flex_update: update 0x487af980 container lv_flex.c:128
[Info]  (30.496, +0)     flex_update: update 0x487b0500 container lv_flex.c:128
[Info]  (30.496, +0)     flex_update: update 0x487b1080 container lv_flex.c:128
[Info]  (30.496, +0)     flex_update: update 0x487b1c00 container lv_flex.c:128
[Info]  (30.496, +0)     flex_update: update 0x487b2780 container lv_flex.c:128
[Info]  (30.496, +0)     flex_update: update 0x487b3300 container lv_flex.c:128
[Warn]  (30.720, +224)   lv_draw_buf_init: Data is not aligned, ignored lv_draw_buf.c:298
[Info]  (30.720, +0)     image_decoder_get_info: Image decoder didn't set stride. Calculate it from width. lv_image_decoder.c:350
[Info]  (30.832, +112)   lv_draw_layer_alloc_buf: Layer memory used: 28 kB lv_draw.c:485
E (32996) ppa_fill: ppa_do_fill(104): out.pic_w/h mismatch with out.buffer_size
[Error] (30.848, +16)    lv_draw_ppa_fill: PPA fill failed: 258 lv_draw_ppa_fill.c:48
[Info]  (30.848, +0)     cleanup_task: Layer memory used: 0 kB lv_draw.c:622
[Info]  (31.472, +624)   indev_proc_release: released lv_indev.c:1435
[Info]  (31.472, +0)     flex_update: update 0x484aaf00 container lv_flex.c:128
[Info]  (31.472, +0)     lv_draw_layer_alloc_buf: Layer memory used: 28 kB lv_draw.c:485
[Info]  (31.472, +0)     lv_draw_layer_alloc_buf: Layer memory used: 55 kB lv_draw.c:485
E (33644) ppa_fill: ppa_do_fill(104): out.pic_w/h mismatch with out.buffer_size
[Error] (31.504, +32)    lv_draw_ppa_fill: PPA fill failed: 258 lv_draw_ppa_fill.c:48
[Info]  (31.504, +0)     cleanup_task: Layer memory used: 28 kB lv_draw.c:622
[Info]  (31.504, +0)     cleanup_task: Layer memory used: 0 kB lv_draw.c:622